Archive member included because of file (symbol)

../libopencm3/lib/libopencm3_stm32f1.a(gpio.o)
                              demoproject.o (gpio_set_mode)
../libopencm3/lib/libopencm3_stm32f1.a(gpio_common_all.o)
                              demoproject.o (gpio_toggle)
../libopencm3/lib/libopencm3_stm32f1.a(rcc_common_all.o)
                              demoproject.o (rcc_periph_clock_enable)
../libopencm3/lib/libopencm3_stm32f1.a(vector.o)
                              (reset_handler)

Discarded input sections

 .text          0x0000000000000000        0x0 demoproject.o
 .data          0x0000000000000000        0x0 demoproject.o
 .bss           0x0000000000000000        0x0 demoproject.o
 .text          0x0000000000000000        0x0 ../libopencm3/lib/libopencm3_stm32f1.a(gpio.o)
 .data          0x0000000000000000        0x0 ../libopencm3/lib/libopencm3_stm32f1.a(gpio.o)
 .bss           0x0000000000000000        0x0 ../libopencm3/lib/libopencm3_stm32f1.a(gpio.o)
 .text.gpio_set_eventout
                0x0000000000000000       0x10 ../libopencm3/lib/libopencm3_stm32f1.a(gpio.o)
 .text.gpio_primary_remap
                0x0000000000000000       0x18 ../libopencm3/lib/libopencm3_stm32f1.a(gpio.o)
 .text.gpio_secondary_remap
                0x0000000000000000       0x10 ../libopencm3/lib/libopencm3_stm32f1.a(gpio.o)
 .text          0x0000000000000000        0x0 ../libopencm3/lib/libopencm3_stm32f1.a(gpio_common_all.o)
 .data          0x0000000000000000        0x0 ../libopencm3/lib/libopencm3_stm32f1.a(gpio_common_all.o)
 .bss           0x0000000000000000        0x0 ../libopencm3/lib/libopencm3_stm32f1.a(gpio_common_all.o)
 .text.gpio_set
                0x0000000000000000        0x4 ../libopencm3/lib/libopencm3_stm32f1.a(gpio_common_all.o)
 .text.gpio_clear
                0x0000000000000000        0x6 ../libopencm3/lib/libopencm3_stm32f1.a(gpio_common_all.o)
 .text.gpio_get
                0x0000000000000000        0x6 ../libopencm3/lib/libopencm3_stm32f1.a(gpio_common_all.o)
 .text.gpio_port_read
                0x0000000000000000        0x6 ../libopencm3/lib/libopencm3_stm32f1.a(gpio_common_all.o)
 .text.gpio_port_write
                0x0000000000000000        0x4 ../libopencm3/lib/libopencm3_stm32f1.a(gpio_common_all.o)
 .text.gpio_port_config_lock
                0x0000000000000000       0x10 ../libopencm3/lib/libopencm3_stm32f1.a(gpio_common_all.o)
 .text          0x0000000000000000        0x0 ../libopencm3/lib/libopencm3_stm32f1.a(rcc_common_all.o)
 .data          0x0000000000000000        0x0 ../libopencm3/lib/libopencm3_stm32f1.a(rcc_common_all.o)
 .bss           0x0000000000000000        0x0 ../libopencm3/lib/libopencm3_stm32f1.a(rcc_common_all.o)
 .text.rcc_peripheral_enable_clock
                0x0000000000000000        0x8 ../libopencm3/lib/libopencm3_stm32f1.a(rcc_common_all.o)
 .text.rcc_peripheral_disable_clock
                0x0000000000000000        0xa ../libopencm3/lib/libopencm3_stm32f1.a(rcc_common_all.o)
 .text.rcc_peripheral_reset
                0x0000000000000000        0x8 ../libopencm3/lib/libopencm3_stm32f1.a(rcc_common_all.o)
 .text.rcc_peripheral_clear_reset
                0x0000000000000000        0xa ../libopencm3/lib/libopencm3_stm32f1.a(rcc_common_all.o)
 .text.rcc_periph_clock_disable
                0x0000000000000000       0x1c ../libopencm3/lib/libopencm3_stm32f1.a(rcc_common_all.o)
 .text.rcc_periph_reset_pulse
                0x0000000000000000       0x22 ../libopencm3/lib/libopencm3_stm32f1.a(rcc_common_all.o)
 .text.rcc_periph_reset_hold
                0x0000000000000000       0x1a ../libopencm3/lib/libopencm3_stm32f1.a(rcc_common_all.o)
 .text.rcc_periph_reset_release
                0x0000000000000000       0x1c ../libopencm3/lib/libopencm3_stm32f1.a(rcc_common_all.o)
 .text          0x0000000000000000        0x0 ../libopencm3/lib/libopencm3_stm32f1.a(vector.o)
 .data          0x0000000000000000        0x0 ../libopencm3/lib/libopencm3_stm32f1.a(vector.o)
 .bss           0x0000000000000000        0x0 ../libopencm3/lib/libopencm3_stm32f1.a(vector.o)

Memory Configuration

Name             Origin             Length             Attributes
rom              0x0000000008000000 0x0000000000020000 xr
ram              0x0000000020000000 0x0000000000002000 xrw
*default*        0x0000000000000000 0xffffffffffffffff

Linker script and memory map

LOAD demoproject.o
LOAD ../libopencm3/lib/libopencm3_stm32f1.a
START GROUP
LOAD /usr/bin/../lib/gcc/arm-none-eabi/4.9.3/../../../../arm-none-eabi/lib/armv7-m/libc.a
LOAD /usr/bin/../lib/gcc/arm-none-eabi/4.9.3/armv7-m/libgcc.a
LOAD /usr/bin/../lib/gcc/arm-none-eabi/4.9.3/../../../../arm-none-eabi/lib/armv7-m/libnosys.a
END GROUP
START GROUP
LOAD /usr/bin/../lib/gcc/arm-none-eabi/4.9.3/armv7-m/libgcc.a
LOAD /usr/bin/../lib/gcc/arm-none-eabi/4.9.3/../../../../arm-none-eabi/lib/armv7-m/libc.a
END GROUP

.text           0x0000000008000000      0x298
 *(.vectors)
 .vectors       0x0000000008000000      0x150 ../libopencm3/lib/libopencm3_stm32f1.a(vector.o)
                0x0000000008000000                vector_table
 *(.text*)
 .text.startup.main
                0x0000000008000150       0x34 demoproject.o
                0x0000000008000150                main
 .text.gpio_set_mode
                0x0000000008000184       0x64 ../libopencm3/lib/libopencm3_stm32f1.a(gpio.o)
                0x0000000008000184                gpio_set_mode
 .text.gpio_toggle
                0x00000000080001e8       0x10 ../libopencm3/lib/libopencm3_stm32f1.a(gpio_common_all.o)
                0x00000000080001e8                gpio_toggle
 .text.rcc_periph_clock_enable
                0x00000000080001f8       0x1a ../libopencm3/lib/libopencm3_stm32f1.a(rcc_common_all.o)
                0x00000000080001f8                rcc_periph_clock_enable
 .text.blocking_handler
                0x0000000008000212        0x2 ../libopencm3/lib/libopencm3_stm32f1.a(vector.o)
                0x0000000008000212                usart3_isr
                0x0000000008000212                rtc_isr
                0x0000000008000212                tim7_isr
                0x0000000008000212                adc1_2_isr
                0x0000000008000212                tim1_trg_com_isr
                0x0000000008000212                usb_hp_can_tx_isr
                0x0000000008000212                tim6_isr
                0x0000000008000212                usb_wakeup_isr
                0x0000000008000212                blocking_handler
                0x0000000008000212                tim5_isr
                0x0000000008000212                otg_fs_isr
                0x0000000008000212                spi1_isr
                0x0000000008000212                dma1_channel6_isr
                0x0000000008000212                exti2_isr
                0x0000000008000212                can_rx1_isr
                0x0000000008000212                dma1_channel5_isr
                0x0000000008000212                dma2_channel5_isr
                0x0000000008000212                usart1_isr
                0x0000000008000212                usage_fault_handler
                0x0000000008000212                tim8_trg_com_isr
                0x0000000008000212                can2_rx0_isr
                0x0000000008000212                tim1_brk_isr
                0x0000000008000212                can2_rx1_isr
                0x0000000008000212                tim1_cc_isr
                0x0000000008000212                sdio_isr
                0x0000000008000212                eth_isr
                0x0000000008000212                dma1_channel4_isr
                0x0000000008000212                tim8_brk_isr
                0x0000000008000212                dma2_channel4_5_isr
                0x0000000008000212                pvd_isr
                0x0000000008000212                rcc_isr
                0x0000000008000212                flash_isr
                0x0000000008000212                uart4_isr
                0x0000000008000212                rtc_alarm_isr
                0x0000000008000212                exti15_10_isr
                0x0000000008000212                hard_fault_handler
                0x0000000008000212                exti1_isr
                0x0000000008000212                i2c1_ev_isr
                0x0000000008000212                dma2_channel1_isr
                0x0000000008000212                spi2_isr
                0x0000000008000212                tim8_up_isr
                0x0000000008000212                dma2_channel2_isr
                0x0000000008000212                adc3_isr
                0x0000000008000212                exti3_isr
                0x0000000008000212                tim3_isr
                0x0000000008000212                usart2_isr
                0x0000000008000212                usb_lp_can_rx0_isr
                0x0000000008000212                i2c2_er_isr
                0x0000000008000212                i2c2_ev_isr
                0x0000000008000212                uart5_isr
                0x0000000008000212                fsmc_isr
                0x0000000008000212                dma1_channel1_isr
                0x0000000008000212                exti4_isr
                0x0000000008000212                mem_manage_handler
                0x0000000008000212                can2_tx_isr
                0x0000000008000212                exti9_5_isr
                0x0000000008000212                dma2_channel3_isr
                0x0000000008000212                dma1_channel7_isr
                0x0000000008000212                tim1_up_isr
                0x0000000008000212                can2_sce_isr
                0x0000000008000212                tim4_isr
                0x0000000008000212                dma1_channel2_isr
                0x0000000008000212                i2c1_er_isr
                0x0000000008000212                can_sce_isr
                0x0000000008000212                tim8_cc_isr
                0x0000000008000212                tamper_isr
                0x0000000008000212                eth_wkup_isr
                0x0000000008000212                bus_fault_handler
                0x0000000008000212                wwdg_isr
                0x0000000008000212                dma1_channel3_isr
                0x0000000008000212                spi3_isr
                0x0000000008000212                tim2_isr
                0x0000000008000212                exti0_isr
 .text.null_handler
                0x0000000008000214        0x2 ../libopencm3/lib/libopencm3_stm32f1.a(vector.o)
                0x0000000008000214                null_handler
                0x0000000008000214                sv_call_handler
                0x0000000008000214                pend_sv_handler
                0x0000000008000214                debug_monitor_handler
                0x0000000008000214                sys_tick_handler
                0x0000000008000214                nmi_handler
 *fill*         0x0000000008000216        0x2 
 .text.reset_handler
                0x0000000008000218       0x80 ../libopencm3/lib/libopencm3_stm32f1.a(vector.o)
                0x0000000008000218                reset_handler
                0x0000000008000298                . = ALIGN (0x4)
 *(.rodata*)
                0x0000000008000298                . = ALIGN (0x4)

.glue_7         0x0000000008000298        0x0
 .glue_7        0x0000000000000000        0x0 linker stubs

.glue_7t        0x0000000008000298        0x0
 .glue_7t       0x0000000000000000        0x0 linker stubs

.vfp11_veneer   0x0000000008000298        0x0
 .vfp11_veneer  0x0000000000000000        0x0 linker stubs

.v4_bx          0x0000000008000298        0x0
 .v4_bx         0x0000000000000000        0x0 linker stubs

.iplt           0x0000000008000298        0x0
 .iplt          0x0000000000000000        0x0 demoproject.o

.rel.dyn        0x0000000008000298        0x0
 .rel.iplt      0x0000000000000000        0x0 demoproject.o

.preinit_array  0x0000000008000298        0x0
                0x0000000008000298                . = ALIGN (0x4)
                0x0000000008000298                __preinit_array_start = .
 *(.preinit_array)
                0x0000000008000298                __preinit_array_end = .

.init_array     0x0000000008000298        0x0
                0x0000000008000298                . = ALIGN (0x4)
                0x0000000008000298                __init_array_start = .
 *(SORT(.init_array.*))
 *(.init_array)
                0x0000000008000298                __init_array_end = .

.fini_array     0x0000000008000298        0x0
                0x0000000008000298                . = ALIGN (0x4)
                0x0000000008000298                __fini_array_start = .
 *(.fini_array)
 *(SORT(.fini_array.*))
                0x0000000008000298                __fini_array_end = .

.ARM.extab
 *(.ARM.extab*)

.ARM.exidx      0x0000000008000298        0x0
                0x0000000008000298                __exidx_start = .
 *(.ARM.exidx*)
                0x0000000008000298                __exidx_end = .
                0x0000000008000298                . = ALIGN (0x4)
                0x0000000008000298                _etext = .

.data           0x0000000020000000        0x0 load address 0x0000000008000298
                0x0000000020000000                _data = .
 *(.data*)
                0x0000000020000000                . = ALIGN (0x4)
                0x0000000020000000                _edata = .
                0x0000000008000298                _data_loadaddr = LOADADDR (.data)

.igot.plt       0x0000000020000000        0x0 load address 0x0000000008000298
 .igot.plt      0x0000000000000000        0x0 demoproject.o

.bss            0x0000000020000000        0x0 load address 0x0000000008000298
 *(.bss*)
 *(COMMON)
                0x0000000020000000                . = ALIGN (0x4)
                0x0000000020000000                _ebss = .

/DISCARD/
 *(.eh_frame)
                0x0000000020000000                . = ALIGN (0x4)
                0x0000000020000000                end = .
                0x0000000020002000                PROVIDE (_stack, (ORIGIN (ram) + 0x2000))
OUTPUT(demoproject.elf elf32-littlearm)

.debug_info     0x0000000000000000      0xeb7
 .debug_info    0x0000000000000000      0x32c demoproject.o
 .debug_info    0x000000000000032c      0x1cc ../libopencm3/lib/libopencm3_stm32f1.a(gpio.o)
 .debug_info    0x00000000000004f8      0x228 ../libopencm3/lib/libopencm3_stm32f1.a(gpio_common_all.o)
 .debug_info    0x0000000000000720      0x511 ../libopencm3/lib/libopencm3_stm32f1.a(rcc_common_all.o)
 .debug_info    0x0000000000000c31      0x286 ../libopencm3/lib/libopencm3_stm32f1.a(vector.o)

.debug_abbrev   0x0000000000000000      0x4ae
 .debug_abbrev  0x0000000000000000       0xfc demoproject.o
 .debug_abbrev  0x00000000000000fc       0xb4 ../libopencm3/lib/libopencm3_stm32f1.a(gpio.o)
 .debug_abbrev  0x00000000000001b0      0x10b ../libopencm3/lib/libopencm3_stm32f1.a(gpio_common_all.o)
 .debug_abbrev  0x00000000000002bb       0xbe ../libopencm3/lib/libopencm3_stm32f1.a(rcc_common_all.o)
 .debug_abbrev  0x0000000000000379      0x135 ../libopencm3/lib/libopencm3_stm32f1.a(vector.o)

.debug_loc      0x0000000000000000      0x41f
 .debug_loc     0x0000000000000000       0x4d demoproject.o
 .debug_loc     0x000000000000004d      0x179 ../libopencm3/lib/libopencm3_stm32f1.a(gpio.o)
 .debug_loc     0x00000000000001c6       0x84 ../libopencm3/lib/libopencm3_stm32f1.a(gpio_common_all.o)
 .debug_loc     0x000000000000024a      0x129 ../libopencm3/lib/libopencm3_stm32f1.a(rcc_common_all.o)
 .debug_loc     0x0000000000000373       0xac ../libopencm3/lib/libopencm3_stm32f1.a(vector.o)

.debug_aranges  0x0000000000000000      0x138
 .debug_aranges
                0x0000000000000000       0x20 demoproject.o
 .debug_aranges
                0x0000000000000020       0x38 ../libopencm3/lib/libopencm3_stm32f1.a(gpio.o)
 .debug_aranges
                0x0000000000000058       0x50 ../libopencm3/lib/libopencm3_stm32f1.a(gpio_common_all.o)
 .debug_aranges
                0x00000000000000a8       0x60 ../libopencm3/lib/libopencm3_stm32f1.a(rcc_common_all.o)
 .debug_aranges
                0x0000000000000108       0x30 ../libopencm3/lib/libopencm3_stm32f1.a(vector.o)

.debug_ranges   0x0000000000000000       0xe8
 .debug_ranges  0x0000000000000000       0x10 demoproject.o
 .debug_ranges  0x0000000000000010       0x28 ../libopencm3/lib/libopencm3_stm32f1.a(gpio.o)
 .debug_ranges  0x0000000000000038       0x40 ../libopencm3/lib/libopencm3_stm32f1.a(gpio_common_all.o)
 .debug_ranges  0x0000000000000078       0x50 ../libopencm3/lib/libopencm3_stm32f1.a(rcc_common_all.o)
 .debug_ranges  0x00000000000000c8       0x20 ../libopencm3/lib/libopencm3_stm32f1.a(vector.o)

.debug_line     0x0000000000000000      0x583
 .debug_line    0x0000000000000000      0x140 demoproject.o
 .debug_line    0x0000000000000140       0xe0 ../libopencm3/lib/libopencm3_stm32f1.a(gpio.o)
 .debug_line    0x0000000000000220      0x11a ../libopencm3/lib/libopencm3_stm32f1.a(gpio_common_all.o)
 .debug_line    0x000000000000033a      0x15f ../libopencm3/lib/libopencm3_stm32f1.a(rcc_common_all.o)
 .debug_line    0x0000000000000499       0xea ../libopencm3/lib/libopencm3_stm32f1.a(vector.o)

.debug_str      0x0000000000000000      0xa2a
 .debug_str     0x0000000000000000      0x3e7 demoproject.o
                                        0x43a (size before relaxing)
 .debug_str     0x00000000000003e7      0x15c ../libopencm3/lib/libopencm3_stm32f1.a(gpio.o)
                                        0x22d (size before relaxing)
 .debug_str     0x0000000000000543       0x74 ../libopencm3/lib/libopencm3_stm32f1.a(gpio_common_all.o)
                                        0x221 (size before relaxing)
 .debug_str     0x00000000000005b7      0x2bf ../libopencm3/lib/libopencm3_stm32f1.a(rcc_common_all.o)
                                        0x699 (size before relaxing)
 .debug_str     0x0000000000000876      0x1b4 ../libopencm3/lib/libopencm3_stm32f1.a(vector.o)
                                        0x31f (size before relaxing)

.comment        0x0000000000000000       0x70
 .comment       0x0000000000000000       0x70 demoproject.o
                                         0x71 (size before relaxing)
 .comment       0x0000000000000000       0x71 ../libopencm3/lib/libopencm3_stm32f1.a(gpio.o)
 .comment       0x0000000000000000       0x71 ../libopencm3/lib/libopencm3_stm32f1.a(gpio_common_all.o)
 .comment       0x0000000000000000       0x71 ../libopencm3/lib/libopencm3_stm32f1.a(rcc_common_all.o)
 .comment       0x0000000000000000       0x71 ../libopencm3/lib/libopencm3_stm32f1.a(vector.o)

.ARM.attributes
                0x0000000000000000       0x33
 .ARM.attributes
                0x0000000000000000       0x33 demoproject.o
 .ARM.attributes
                0x0000000000000033       0x33 ../libopencm3/lib/libopencm3_stm32f1.a(gpio.o)
 .ARM.attributes
                0x0000000000000066       0x33 ../libopencm3/lib/libopencm3_stm32f1.a(gpio_common_all.o)
 .ARM.attributes
                0x0000000000000099       0x33 ../libopencm3/lib/libopencm3_stm32f1.a(rcc_common_all.o)
 .ARM.attributes
                0x00000000000000cc       0x33 ../libopencm3/lib/libopencm3_stm32f1.a(vector.o)

.debug_frame    0x0000000000000000      0x1e8
 .debug_frame   0x0000000000000000       0x28 demoproject.o
 .debug_frame   0x0000000000000028       0x60 ../libopencm3/lib/libopencm3_stm32f1.a(gpio.o)
 .debug_frame   0x0000000000000088       0x80 ../libopencm3/lib/libopencm3_stm32f1.a(gpio_common_all.o)
 .debug_frame   0x0000000000000108       0xa0 ../libopencm3/lib/libopencm3_stm32f1.a(rcc_common_all.o)
 .debug_frame   0x00000000000001a8       0x40 ../libopencm3/lib/libopencm3_stm32f1.a(vector.o)
